// Jest Snapshot v1, https://goo.gl/fbAQLP

exports[`LoginPage snapshot 1`] = `
<div>
  <div
    class="authLayout"
  >
    <header>
      <div
        class="navbar"
      >
        <div
          class="navbar-container"
        >
          <a
            href="/"
          >
            <div
              class="logo"
            >
              Nodepop in React
            </div>
          </a>
          <nav
            class="navbar-links"
          >
            <a
              href="/login"
            >
              <button
                class="btn primary"
                type="button"
              >
                Iniciar sesión
              </button>
            </a>
          </nav>
        </div>
      </div>
    </header>
    <main>
      <h1>
        Iniciar sesión
      </h1>
      <div
        class="loginPage"
      >
        <form>
          <div
            class="formField"
          >
            <label
              class="label"
            >
              Email
            </label>
            <input
              autocomplete="off"
              class="input"
              id="email"
              name="email"
              type="text"
              value=""
            />
          </div>
          <div
            class="formField"
          >
            <label
              class="label"
            >
              Password
            </label>
            <input
              autocomplete="off"
              class="input"
              id="password"
              name="password"
              type="password"
              value=""
            />
          </div>
          <div
            class="formCheck"
          >
            <input
              id="rememberme"
              name="rememberme"
              type="checkbox"
            />
            <span>
              Recuérdame
            </span>
          </div>
          <button
            class="btn primary"
            disabled=""
            style="width: 100%;"
            type="submit"
          >
            Log in
          </button>
        </form>
      </div>
    </main>
  </div>
</div>
`;
